# Airflow task log - quality_gate @ poison_run_1  (this failure halts the DAG)
# ================================================================================
[2026-09-09T16:01:51.419+0000] {local_task_job_runner.py:123} INFO - ::group::Pre task execution logs
[2026-09-09T16:01:51.498+0000] {taskinstance.py:2866} INFO - Starting attempt 1 of 1
[2026-09-09T16:01:51.553+0000] {standard_task_runner.py:104} INFO - Running: ['***', 'tasks', 'run', 'capstone_pipeline', 'quality_gate', 'poison_run_1', '--job-id', '9', '--raw', '--subdir', 'DAGS_FOLDER/capstone_pipeline.py', '--cfg-path', '/tmp/tmpk5ayg9__']
[2026-09-09T16:01:51.555+0000] {logging_mixin.py:190} WARNING - /home/***/.local/lib/python3.12/site-packages/***/task/task_runner/standard_task_runner.py:70 DeprecationWarning: This process (pid=936) is multi-threaded, use of fork() may lead to deadlocks in the child.
[2026-09-09T16:01:51.698+0000] {task_command.py:467} INFO - Running <TaskInstance: capstone_pipeline.quality_gate poison_run_1 [running]> on host 2c596db98c67
[2026-09-09T16:01:51.940+0000] {taskinstance.py:3132} INFO - Exporting env vars: AIRFLOW_CTX_DAG_OWNER='***' AIRFLOW_CTX_DAG_ID='capstone_pipeline' AIRFLOW_CTX_TASK_ID='quality_gate' AIRFLOW_CTX_EXECUTION_DATE='2026-09-09T16:01:06+00:00' AIRFLOW_CTX_TRY_NUMBER='1' AIRFLOW_CTX_DAG_RUN_ID='poison_run_1'
[2026-09-09T16:01:51.942+0000] {taskinstance.py:731} INFO - ::endgroup::
[2026-09-09T16:01:56.230+0000] {warnings.py:112} WARNING - /home/***/.local/lib/python3.12/site-packages/snowflake/sqlalchemy/base.py:1068: SAWarning: The GenericFunction 'flatten' is already registered and is going to be overridden.
  functions.register_function("flatten", flatten)

[2026-09-09T16:02:02.411+0000] {client.py:110} INFO - OpenLineageClient will use `file` transport
[2026-09-09T16:02:02.532+0000] {context_factory.py:390} INFO - Could not find local file-backed GX project
[2026-09-09T16:02:02.534+0000] {base.py:2153} INFO - Created temporary directory '/tmp/tmpkibjaer8' for ephemeral docs site
[2026-09-09T16:02:02.538+0000] {config.py:187} INFO - Loading 'datasources' ->
[]
[2026-09-09T16:02:02.628+0000] {warnings.py:112} WARNING - /home/***/.local/lib/python3.12/site-packages/great_expectations/expectations/expectation.py:1519: UserWarning: `result_format` configured at the Validator-level will not be persisted. Please add the configuration to your Checkpoint config or checkpoint_run() method instead.
  warnings.warn(

[2026-09-09T16:02:02.693+0000] {warnings.py:112} WARNING - /home/***/.local/lib/python3.12/site-packages/great_expectations/expectations/expectation.py:1519: UserWarning: `result_format` configured at the Validator-level will not be persisted. Please add the configuration to your Checkpoint config or checkpoint_run() method instead.
  warnings.warn(

[2026-09-09T16:02:02.759+0000] {warnings.py:112} WARNING - /home/***/.local/lib/python3.12/site-packages/great_expectations/expectations/expectation.py:1519: UserWarning: `result_format` configured at the Validator-level will not be persisted. Please add the configuration to your Checkpoint config or checkpoint_run() method instead.
  warnings.warn(

[2026-09-09T16:02:02.809+0000] {warnings.py:112} WARNING - /home/***/.local/lib/python3.12/site-packages/great_expectations/expectations/expectation.py:1519: UserWarning: `result_format` configured at the Validator-level will not be persisted. Please add the configuration to your Checkpoint config or checkpoint_run() method instead.
  warnings.warn(

[2026-09-09T16:02:02.889+0000] {warnings.py:112} WARNING - /home/***/.local/lib/python3.12/site-packages/great_expectations/expectations/expectation.py:1519: UserWarning: `result_format` configured at the Validator-level will not be persisted. Please add the configuration to your Checkpoint config or checkpoint_run() method instead.
  warnings.warn(

[2026-09-09T16:02:02.937+0000] {warnings.py:112} WARNING - /home/***/.local/lib/python3.12/site-packages/great_expectations/expectations/expectation.py:1519: UserWarning: `result_format` configured at the Validator-level will not be persisted. Please add the configuration to your Checkpoint config or checkpoint_run() method instead.
  warnings.warn(

[2026-09-09T16:02:02.979+0000] {warnings.py:112} WARNING - /home/***/.local/lib/python3.12/site-packages/great_expectations/expectations/expectation.py:1519: UserWarning: `result_format` configured at the Validator-level will not be persisted. Please add the configuration to your Checkpoint config or checkpoint_run() method instead.
  warnings.warn(

[2026-09-09T16:02:03.064+0000] {warnings.py:112} WARNING - /home/***/.local/lib/python3.12/site-packages/great_expectations/expectations/expectation.py:1519: UserWarning: `result_format` configured at the Validator-level will not be persisted. Please add the configuration to your Checkpoint config or checkpoint_run() method instead.
  warnings.warn(

[2026-09-09T16:02:03.188+0000] {warnings.py:112} WARNING - /home/***/.local/lib/python3.12/site-packages/great_expectations/expectations/expectation.py:1519: UserWarning: `result_format` configured at the Validator-level will not be persisted. Please add the configuration to your Checkpoint config or checkpoint_run() method instead.
  warnings.warn(

[2026-09-09T16:02:03.345+0000] {warnings.py:112} WARNING - /home/***/.local/lib/python3.12/site-packages/great_expectations/expectations/expectation.py:1519: UserWarning: `result_format` configured at the Validator-level will not be persisted. Please add the configuration to your Checkpoint config or checkpoint_run() method instead.
  warnings.warn(

[2026-09-09T16:02:03.479+0000] {warnings.py:112} WARNING - /home/***/.local/lib/python3.12/site-packages/great_expectations/expectations/expectation.py:1519: UserWarning: `result_format` configured at the Validator-level will not be persisted. Please add the configuration to your Checkpoint config or checkpoint_run() method instead.
  warnings.warn(

[2026-09-09T16:02:03.548+0000] {warnings.py:112} WARNING - /home/***/.local/lib/python3.12/site-packages/great_expectations/expectations/expectation.py:1519: UserWarning: `result_format` configured at the Validator-level will not be persisted. Please add the configuration to your Checkpoint config or checkpoint_run() method instead.
  warnings.warn(

[2026-09-09T16:02:03.613+0000] {warnings.py:112} WARNING - /home/***/.local/lib/python3.12/site-packages/great_expectations/expectations/expectation.py:1519: UserWarning: `result_format` configured at the Validator-level will not be persisted. Please add the configuration to your Checkpoint config or checkpoint_run() method instead.
  warnings.warn(

[2026-09-09T16:02:03.633+0000] {validator.py:1467} INFO - 	14 expectation(s) included in expectation_suite.
[2026-09-09T16:02:04.353+0000] {validator.py:1467} INFO - 	14 expectation(s) included in expectation_suite.
[2026-09-09T16:02:04.390+0000] {taskinstance.py:3311} ERROR - Task failed with exception
Traceback (most recent call last):
  File "/home/airflow/.local/lib/python3.12/site-packages/airflow/models/taskinstance.py", line 767, in _execute_task
    result = _execute_callable(context=context, **execute_callable_kwargs)
             ^^^^^^^^^^^^^^^^^^^^^^^^^^^^^^^^^^^^^^^^^^^^^^^^^^^^^^^^^^^^^
  File "/home/airflow/.local/lib/python3.12/site-packages/airflow/models/taskinstance.py", line 733, in _execute_callable
    return ExecutionCallableRunner(
           ^^^^^^^^^^^^^^^^^^^^^^^^
  File "/home/airflow/.local/lib/python3.12/site-packages/airflow/utils/operator_helpers.py", line 252, in run
    return self.func(*args, **kwargs)
           ^^^^^^^^^^^^^^^^^^^^^^^^^^
  File "/home/airflow/.local/lib/python3.12/site-packages/airflow/models/baseoperator.py", line 417, in wrapper
    return func(self, *args, **kwargs)
           ^^^^^^^^^^^^^^^^^^^^^^^^^^^
  File "/home/airflow/.local/lib/python3.12/site-packages/airflow/decorators/base.py", line 266, in execute
    return_value = super().execute(context)
                   ^^^^^^^^^^^^^^^^^^^^^^^^
  File "/home/airflow/.local/lib/python3.12/site-packages/airflow/models/baseoperator.py", line 417, in wrapper
    return func(self, *args, **kwargs)
           ^^^^^^^^^^^^^^^^^^^^^^^^^^^
  File "/home/airflow/.local/lib/python3.12/site-packages/airflow/operators/python.py", line 238, in execute
    return_value = self.execute_callable()
                   ^^^^^^^^^^^^^^^^^^^^^^^
  File "/home/airflow/.local/lib/python3.12/site-packages/airflow/operators/python.py", line 256, in execute_callable
    return runner.run(*self.op_args, **self.op_kwargs)
           ^^^^^^^^^^^^^^^^^^^^^^^^^^^^^^^^^^^^^^^^^^^
  File "/home/airflow/.local/lib/python3.12/site-packages/airflow/utils/operator_helpers.py", line 252, in run
    return self.func(*args, **kwargs)
           ^^^^^^^^^^^^^^^^^^^^^^^^^^
  File "/opt/airflow/dags/capstone_pipeline.py", line 84, in quality_gate
    stage_quality_gate(_lineage(context))
  File "/opt/project/src/pipeline.py", line 42, in stage_quality_gate
    run_silver_quality_gate()  # raises QualityGateError -> stage emits FAIL
    ^^^^^^^^^^^^^^^^^^^^^^^^^
  File "/opt/project/src/quality/expectations.py", line 150, in run_silver_quality_gate
    raise QualityGateError(failures)
src.quality.expectations.QualityGateError: Silver quality gate failed: 1 expectation(s) not met
  - expect_column_values_to_be_between(heart_rate): 1 unexpected
[2026-09-09T16:02:04.429+0000] {taskinstance.py:1225} INFO - Marking task as FAILED. dag_id=capstone_pipeline, task_id=quality_gate, run_id=poison_run_1, execution_date=20260909T160106, start_date=20260909T160151, end_date=20260909T160204
[2026-09-09T16:02:04.451+0000] {taskinstance.py:340} INFO - ::group::Post task execution logs
[2026-09-09T16:02:04.452+0000] {standard_task_runner.py:124} ERROR - Failed to execute job 9 for task quality_gate (Silver quality gate failed: 1 expectation(s) not met
  - expect_column_values_to_be_between(heart_rate): 1 unexpected; 937)
Traceback (most recent call last):
  File "/home/airflow/.local/lib/python3.12/site-packages/airflow/task/task_runner/standard_task_runner.py", line 117, in _start_by_fork
    ret = args.func(args, dag=self.dag)
          ^^^^^^^^^^^^^^^^^^^^^^^^^^^^^
  File "/home/airflow/.local/lib/python3.12/site-packages/airflow/cli/cli_config.py", line 49, in command
    return func(*args, **kwargs)
           ^^^^^^^^^^^^^^^^^^^^^
  File "/home/airflow/.local/lib/python3.12/site-packages/airflow/utils/cli.py", line 116, in wrapper
    return f(*args, **kwargs)
           ^^^^^^^^^^^^^^^^^^
  File "/home/airflow/.local/lib/python3.12/site-packages/airflow/cli/commands/task_command.py", line 483, in task_run
    task_return_code = _run_task_by_selected_method(args, _dag, ti)
                       ^^^^^^^^^^^^^^^^^^^^^^^^^^^^^^^^^^^^^^^^^^^^
  File "/home/airflow/.local/lib/python3.12/site-packages/airflow/cli/commands/task_command.py", line 256, in _run_task_by_selected_method
    return _run_raw_task(args, ti)
           ^^^^^^^^^^^^^^^^^^^^^^^
  File "/home/airflow/.local/lib/python3.12/site-packages/airflow/cli/commands/task_command.py", line 341, in _run_raw_task
    return ti._run_raw_task(
           ^^^^^^^^^^^^^^^^^
  File "/home/airflow/.local/lib/python3.12/site-packages/airflow/utils/session.py", line 97, in wrapper
    return func(*args, session=session, **kwargs)
           ^^^^^^^^^^^^^^^^^^^^^^^^^^^^^^^^^^^^^^
  File "/home/airflow/.local/lib/python3.12/site-packages/airflow/models/taskinstance.py", line 3005, in _run_raw_task
    return _run_raw_task(
           ^^^^^^^^^^^^^^
  File "/home/airflow/.local/lib/python3.12/site-packages/airflow/models/taskinstance.py", line 273, in _run_raw_task
    TaskInstance._execute_task_with_callbacks(
  File "/home/airflow/.local/lib/python3.12/site-packages/airflow/models/taskinstance.py", line 3159, in _execute_task_with_callbacks
    result = self._execute_task(context, task_orig)
             ^^^^^^^^^^^^^^^^^^^^^^^^^^^^^^^^^^^^^^
  File "/home/airflow/.local/lib/python3.12/site-packages/airflow/models/taskinstance.py", line 3183, in _execute_task
    return _execute_task(self, context, task_orig)
           ^^^^^^^^^^^^^^^^^^^^^^^^^^^^^^^^^^^^^^^
  File "/home/airflow/.local/lib/python3.12/site-packages/airflow/models/taskinstance.py", line 767, in _execute_task
    result = _execute_callable(context=context, **execute_callable_kwargs)
             ^^^^^^^^^^^^^^^^^^^^^^^^^^^^^^^^^^^^^^^^^^^^^^^^^^^^^^^^^^^^^
  File "/home/airflow/.local/lib/python3.12/site-packages/airflow/models/taskinstance.py", line 733, in _execute_callable
    return ExecutionCallableRunner(
           ^^^^^^^^^^^^^^^^^^^^^^^^
  File "/home/airflow/.local/lib/python3.12/site-packages/airflow/utils/operator_helpers.py", line 252, in run
    return self.func(*args, **kwargs)
           ^^^^^^^^^^^^^^^^^^^^^^^^^^
  File "/home/airflow/.local/lib/python3.12/site-packages/airflow/models/baseoperator.py", line 417, in wrapper
    return func(self, *args, **kwargs)
           ^^^^^^^^^^^^^^^^^^^^^^^^^^^
  File "/home/airflow/.local/lib/python3.12/site-packages/airflow/decorators/base.py", line 266, in execute
    return_value = super().execute(context)
                   ^^^^^^^^^^^^^^^^^^^^^^^^
  File "/home/airflow/.local/lib/python3.12/site-packages/airflow/models/baseoperator.py", line 417, in wrapper
    return func(self, *args, **kwargs)
           ^^^^^^^^^^^^^^^^^^^^^^^^^^^
  File "/home/airflow/.local/lib/python3.12/site-packages/airflow/operators/python.py", line 238, in execute
    return_value = self.execute_callable()
                   ^^^^^^^^^^^^^^^^^^^^^^^
  File "/home/airflow/.local/lib/python3.12/site-packages/airflow/operators/python.py", line 256, in execute_callable
    return runner.run(*self.op_args, **self.op_kwargs)
           ^^^^^^^^^^^^^^^^^^^^^^^^^^^^^^^^^^^^^^^^^^^
  File "/home/airflow/.local/lib/python3.12/site-packages/airflow/utils/operator_helpers.py", line 252, in run
    return self.func(*args, **kwargs)
           ^^^^^^^^^^^^^^^^^^^^^^^^^^
  File "/opt/airflow/dags/capstone_pipeline.py", line 84, in quality_gate
    stage_quality_gate(_lineage(context))
  File "/opt/project/src/pipeline.py", line 42, in stage_quality_gate
    run_silver_quality_gate()  # raises QualityGateError -> stage emits FAIL
    ^^^^^^^^^^^^^^^^^^^^^^^^^
  File "/opt/project/src/quality/expectations.py", line 150, in run_silver_quality_gate
    raise QualityGateError(failures)
src.quality.expectations.QualityGateError: Silver quality gate failed: 1 expectation(s) not met
  - expect_column_values_to_be_between(heart_rate): 1 unexpected
[2026-09-09T16:02:04.518+0000] {local_task_job_runner.py:266} INFO - Task exited with return code 1
[2026-09-09T16:02:04.567+0000] {taskinstance.py:3895} INFO - 0 downstream tasks scheduled from follow-on schedule check
[2026-09-09T16:02:04.573+0000] {local_task_job_runner.py:245} INFO - ::endgroup::
